@@@ pessoas @ 22:56:28
  4 pessoa(s) detectada(s)

    50.0s  Dwight D. Eisenhower  (General and President 1890-1969)
  [skip] Erwin Rommel — trecho não localizado
    83.5s  Hitler  (Führer and Chancellor 1889-1945)
   151.0s  Winston Churchill  (Prime Minister 1874-1965)

OK -> 3 cards de pessoa no timeline.json
  pessoas: 19s
@@@ ilustrar @ 22:56:47
OK: +1 ilustrações
   113.4s  card     lowerthird   pos=center  «On June 4, conditions were appalling, forc»
   204.6s  card     lowerthird   pos=center  «Omaha, Gold, Juneau, and Sword, erupted in»
  ilustrar: 21s
@@@ check:
  pessoas= 3 | ilustracoes= 2
@@@ preparar @ 22:57:08
trilha: 5 segmentos (5 faixas -> test/trilhas/)
render json -> timeline_render.json (SUB=test)
duração: 320.2s | cenas: 56
  preparar: 1s
@@@ render v3 tentativa 1 @ 22:57:09
=== Bundle (outDir=F:\Canal Dark\Aplicativo de Edição\remotion\_bundle) ===
=== Select composition ===
  duração: 320.2s (9606 frames @ 30fps)
=== Render em 6 chunks (concurrency=10, gl=angle) ===
  chunk 1/6 (frames 0-1600): 0% 0% 0% 0% 0% 0% 0% 0% 0% 0% 0% 0% 20% 20% 20% 20% 20% 20% 20% 20% 20% 20% 20% 20% 20% 20% 20% 20% 20% 20% 40% 40% 40% 40% 40% 40% 40% 40% 40% 40% 40% 40% 40% 40% 40% 40% 40% 40% 40% 40% 60% 60% 60% 60% 60% 60% 60% 60% 60% 60% 60% 60% 60% 60% 60% 60% 60% 60% 80% 80% 80% 80% 80% 80% 80% 80% 80% 80% 80% 80% 80% 80% 80% 80% 80% 80% 100% ok
  chunk 2/6 (frames 1601-3201): 0% 0% 0% 0% 0% 0% 0% 0% 0% 0% 0% 0% 20% 20% 20% 20% 20% 20% 20% 20% 20% 20% 20% 20% 20% 20% 20% 20% 20% 20% 20% 40% 40% 40% 40% 40% 40% 40% 40% 40% 40% 40% 40% 40% 40% 40% 40% 40% 40% 40% 60% 60% 60% 60% 60% 60% 60% 60% 60% 60% 60% 60% 60% 60% 60% 60% 60% 60% 60% 60% 60% 60% 80% 80% 80% 80% 80% 80% 80% 80% 80% 80% 80% 80% 80% 80% 80% 80% 80% 80% 80% 100% ok
  chunk 3/6 (frames 3202-4802): 0% 0% 0% 0% 0% 0% 0% 0% 0% 0% 0% 0% 20% 20% 20% 20% 20% 20% 20% 20% 20% 20% 20% 20% 20% 20% 20% 20% 20% 20% 40% 40% 40% 40% 40% 40% 40% 40% 40% 40% 40% 40% 40% 40% 40% 40% 40% 40% 60% 60% 60% 60% 60% 60% 60% 60% 60% 60% 60% 60% 60% 60% 60% 60% 80% 80% 80% 80% 80% 80% 80% 80% 80% 80% 80% 80% 80% 80% 80% 80% 80% 80% 80% 100% ok
  chunk 4/6 (frames 4803-6403): 0% 0% 0% 0% 0% 0% 0% 0% 0% 0% 0% 0% 20% 20% 20% 20% 20% 20% 20% 20% 20% 20% 20% 20% 20% 20% 20% 20% 20% 20% 20% 40% 40% 40% 40% 40% 40% 40% 40% 40% 40% 40% 40% 40% 40% 40% 40% 40% 40% 60% 60% 60% 60% 60% 60% 60% 60% 60% 60% 60% 60% 60% 60% 60% 60% 60% 60% 80% 80% 80% 80% 80% 80% 80% 80% 80% 80% 80% 80% 80% 80% 80% 80% 80% 80% 80% node:internal/modules/run_main:107
    triggerUncaughtException(
    ^

Error: FFmpeg quit with code 3221225794  The FFmpeg output was 
    at ChildProcess.<anonymous> (file:///F:/Canal%20Dark/Aplicativo%20de%20Edi%C3%A7%C3%A3o/remotion/node_modules/@remotion/renderer/dist/esm/index.mjs:23162:16)
    at Object.onceWrapper (node:events:623:26)
    at ChildProcess.emit (node:events:508:28)
    at maybeClose (node:internal/child_process:1101:16)
    at ChildProcess._handle.onexit (node:internal/child_process:305:5)

Node.js v24.13.0
  falhou -> retoma
@@@ render v3 tentativa 2 @ 23:00:36
=== Bundle (outDir=F:\Canal Dark\Aplicativo de Edição\remotion\_bundle) ===
=== Select composition ===
  duração: 320.2s (9606 frames @ 30fps)
=== Render em 6 chunks (concurrency=10, gl=angle) ===
  chunk 1/6 (frames 0-1600): 0% 0% 0% 0% 0% 0% 0% 0% 0% 0% 0% 0% 20% 20% 20% 20% 20% 20% 20% 20% 20% 20% 20% 20% 20% 20% 20% 20% 20% 40% 40% 40% 40% 40% 40% 40% 40% 40% 40% 40% 40% 40% 40% 40% 40% 40% 40% 60% 60% 60% 60% 60% 60% 60% 60% 60% 60% 60% 60% 60% 60% 60% 60% 60% 80% 80% 80% 80% 80% 80% 80% 80% 80% 80% 80% 80% 80% 80% 80% 80% 80% 80% 80% 100% ok
  chunk 2/6 (frames 1601-3201): 0% 0% 0% 0% 0% 0% 0% 0% 0% 0% 0% 0% 20% 20% 20% 20% 20% 20% 20% 20% 20% 20% 20% 20% 20% 20% 20% 20% 20% 20% 40% 40% 40% 40% 40% 40% 40% 40% 40% 40% 40% 40% 40% 40% 40% 40% 40% 40% 60% 60% 60% 60% 60% 60% 60% 60% 60% 60% 60% 60% 60% 60% 80% 80% 80% 80% 80% 80% 80% 80% 80% 80% 80% 80% 80% 80% 80% 80% 80% 80% 80% 100% ok
  chunk 3/6 (frames 3202-4802): 0% 0% 0% 0% 0% 0% 0% 0% 0% 0% 0% 0% 20% 20% 20% 20% 20% 20% 20% 20% 20% 20% 20% 20% 20% 20% 20% 20% 20% 40% 40% 40% 40% 40% 40% 40% 40% 40% 40% 40% 40% 40% 40% 40% 40% 40% 40% 40% 60% 60% 60% 60% 60% 60% 60% 60% 60% 60% 60% 60% 60% 60% 60% 60% 60% 80% 80% 80% 80% 80% 80% 80% 80% 80% 80% 80% 80% 80% 80% 80% 80% 100% ok
  chunk 4/6 (frames 4803-6403): 0% 0% 0% 0% 0% 0% 0% 0% 0% 0% 0% 0% 20% 20% 20% 20% 20% 20% 20% 20% 20% 20% 20% 20% 20% 20% 20% 20% 20% 20% 40% 40% 40% 40% 40% 40% 40% 40% 40% 40% 40% 40% 40% 40% 40% 40% 40% 40% 60% 60% 60% 60% 60% 60% 60% 60% 60% 60% 60% 60% 60% 60% 60% 80% 80% 80% 80% 80% 80% 80% 80% 80% 80% 80% 80% 80% 80% 80% 80% 80% 80% 80% 80% 100% ok
  chunk 5/6 (frames 6404-8004): 0% 0% 0% 0% 0% 0% 0% 0% 0% 0% 0% 0% 20% 20% 20% 20% 20% 20% 20% 20% 20% 20% 20% 20% 20% 20% 20% 20% 20% 20% 20% 20% 20% 40% 40% 40% 40% 40% 40% 40% 40% 40% 40% 40% 40% 40% 40% 40% 40% 40% 40% 60% 60% 60% 60% 60% 60% 60% 60% 60% 60% 60% 60% 60% 60% 60% 60% 60% 60% 80% 80% 80% 80% 80% 80% 80% 80% 80% 80% 80% 80% 80% 80% 80% 80% 80% 80% 100% ok
  chunk 6/6 (frames 8005-9605): 0% 0% 0% 0% 0% 0% 0% 0% 0% 0% 0% 0% 20% 20% 20% 20% 20% 20% 20% 20% 20% 20% 20% 20% 20% 20% 20% 20% 20% 20% 40% 40% 40% 40% 40% 40% 40% 40% 40% 40% 40% 40% 40% 40% 40% 40% 40% 40% 40% 40% 60% 60% 60% 60% 60% 60% 60% 60% 60% 60% 60% 60% 60% 60% 60% 60% 60% 60% 60% 60% 80% 80% 80% 80% 80% 80% 80% 80% 80% 80% 80% 80% 80% 80% 80% 80% 80% 80% 100% ok
=== Concat dos chunks ===
ffmpeg version 8.0-full_build-www.gyan.dev Copyright (c) 2000-2025 the FFmpeg developers
  built with gcc 15.2.0 (Rev8, Built by MSYS2 project)
  configuration: --enable-gpl --enable-version3 --enable-static --disable-w32threads --disable-autodetect --enable-fontconfig --enable-iconv --enable-gnutls --enable-lcms2 --enable-libxml2 --enable-gmp --enable-bzlib --enable-lzma --enable-libsnappy --enable-zlib --enable-librist --enable-libsrt --enable-libssh --enable-libzmq --enable-avisynth --enable-libbluray --enable-libcaca --enable-libdvdnav --enable-libdvdread --enable-sdl2 --enable-libaribb24 --enable-libaribcaption --enable-libdav1d --enable-libdavs2 --enable-libopenjpeg --enable-libquirc --enable-libuavs3d --enable-libxevd --enable-libzvbi --enable-liboapv --enable-libqrencode --enable-librav1e --enable-libsvtav1 --enable-libvvenc --enable-libwebp --enable-libx264 --enable-libx265 --enable-libxavs2 --enable-libxeve --enable-libxvid --enable-libaom --enable-libjxl --enable-libvpx --enable-mediafoundation --enable-libass --enable-frei0r --enable-libfreetype --enable-libfribidi --enable-libharfbuzz --enable-liblensfun --enable-libvidstab --enable-libvmaf --enable-libzimg --enable-amf --enable-cuda-llvm --enable-cuvid --enable-dxva2 --enable-d3d11va --enable-d3d12va --enable-ffnvcodec --enable-libvpl --enable-nvdec --enable-nvenc --enable-vaapi --enable-libshaderc --enable-vulkan --enable-libplacebo --enable-opencl --enable-libcdio --enable-openal --enable-libgme --enable-libmodplug --enable-libopenmpt --enable-libopencore-amrwb --enable-libmp3lame --enable-libshine --enable-libtheora --enable-libtwolame --enable-libvo-amrwbenc --enable-libcodec2 --enable-libilbc --enable-libgsm --enable-liblc3 --enable-libopencore-amrnb --enable-libopus --enable-libspeex --enable-libvorbis --enable-ladspa --enable-libbs2b --enable-libflite --enable-libmysofa --enable-librubberband --enable-libsoxr --enable-chromaprint --enable-whisper
  libavutil      60.  8.100 / 60.  8.100
  libavcodec     62. 11.100 / 62. 11.100
  libavformat    62.  3.100 / 62.  3.100
  libavdevice    62.  1.100 / 62.  1.100
  libavfilter    11.  4.100 / 11.  4.100
  libswscale      9.  1.100 /  9.  1.100
  libswresample   6.  1.100 /  6.  1.100
[mov,mp4,m4a,3gp,3g2,mj2 @ 00000234a47236c0] Auto-inserting h264_mp4toannexb bitstream filter
Input #0, concat, from 'F:\Canal Dark\Aplicativo de Edição\remotion\out\_chunks\documentario_dday_v3.list.txt':
  Duration: N/A, start: 0.000000, bitrate: 8635 kb/s
  Stream #0:0(und): Video: h264 (High) (avc1 / 0x31637661), yuvj420p(pc, bt470bg/unknown/unknown, progressive), 1920x1080 [SAR 1:1 DAR 16:9], 8317 kb/s, 30 fps, 30 tbr, 90k tbn
    Metadata:
      handler_name    : VideoHandler
      vendor_id       : [0][0][0][0]
    Side data:
      ICC Profile
  Stream #0:1(und): Audio: aac (LC) (mp4a / 0x6134706D), 48000 Hz, stereo, fltp, 317 kb/s
    Metadata:
      handler_name    : SoundHandler
      vendor_id       : [0][0][0][0]
Stream mapping:
  Stream #0:0 -> #0:0 (copy)
  Stream #0:1 -> #0:1 (copy)
Output #0, mp4, to 'F:\Canal Dark\Aplicativo de Edição\remotion\out\documentario_dday_v3.mp4':
  Metadata:
    encoder         : Lavf62.3.100
  Stream #0:0(und): Video: h264 (High) (avc1 / 0x31637661), yuvj420p(pc, bt470bg/unknown/unknown, progressive), 1920x1080 [SAR 1:1 DAR 16:9], q=2-31, 8317 kb/s, 30 fps, 30 tbr, 90k tbn
    Metadata:
      handler_name    : VideoHandler
      vendor_id       : [0][0][0][0]
    Side data:
      ICC Profile
  Stream #0:1(und): Audio: aac (LC) (mp4a / 0x6134706D), 48000 Hz, stereo, fltp, 317 kb/s
    Metadata:
      handler_name    : SoundHandler
      vendor_id       : [0][0][0][0]
Press [q] to stop, [?] for help
[mov,mp4,m4a,3gp,3g2,mj2 @ 00000234a5096580] Auto-inserting h264_mp4toannexb bitstream filter
    Last message repeated 4 times
[out#0/mp4 @ 00000234a472b940] video:356555KiB audio:12417KiB subtitle:0KiB other streams:0KiB global headers:0KiB muxing overhead: 0.092051%
frame= 9606 fps=0.0 q=-1.0 Lsize=  369312KiB time=00:05:20.39 bitrate=9442.8kbits/s speed= 648x elapsed=0:00:00.49    

=== DONE === 356s -> F:\Canal Dark\Aplicativo de Edição\remotion\out\documentario_dday_v3.mp4
  render: 567s
  -> Drive OK
@@@ FIM @ 23:06:37
