@@@ preparar @ 20:05:28
trilha: 4 segmentos (4 faixas -> test/trilhas/)
render json -> timeline_render.json (SUB=test)
duração: 1703.44s | cenas: 266
  preparar: 10s
@@@ check: glitch_topico (deve ser False) + sfx.glitch (deve ser [])
  glitch_topico= False | sfx.glitch= []
@@@ render v3 tentativa 1 @ 20:05:38
=== Bundle (outDir=F:\Canal Dark\Aplicativo de Edição\remotion\_bundle) ===
=== Select composition ===
  duração: 1703.5s (51104 frames @ 30fps)
=== Render em 8 chunks (concurrency=10, gl=angle) ===
  chunk 1/8 (frames 0-6387): 0% 0% 0% 0% 0% 0% 0% 0% 0% 0% 0% 0% 0% 0% 0% 0% 0% 0% 0% 0% 0% 0% 0% 0% 0% 0% 0% 0% 0% 0% 0% 0% 0% 0% 0% 0% 0% 0% 0% 0% 0% 0% 0% 0% 0% 0% 20% 20% 20% 20% 20% 20% 20% 20% 20% 20% 20% 20% 20% 20% 20% 20% 20% 20% 20% 20% 20% 20% 20% 20% 20% 20% 20% 20% 20% 20% 20% 20% 20% 20% 20% 20% 20% 20% 20% 20% 20% 20% 20% 20% [40m Tab 3, node_modules/remotion/dist/esm/index.mjs:9131 [49m [33m[0mEncodingError: The source image cannot be decoded.[0m[39m
[40m Tab 5, node_modules/remotion/dist/esm/index.mjs:9131 [49m [33m[0mEncodingError: The source image cannot be decoded.[0m[39m
20% 20% 20% [40m Tab 8, node_modules/remotion/dist/esm/index.mjs:9131 [49m [33m[0mEncodingError: The source image cannot be decoded.[0m[39m
[40m Tab 4, node_modules/remotion/dist/esm/index.mjs:9131 [49m [33m[0mEncodingError: The source image cannot be decoded.[0m[39m
20% 20% 20% [40m Tab 2, node_modules/remotion/dist/esm/index.mjs:9131 [49m [33m[0mEncodingError: The source image cannot be decoded.[0m[39m
[40m Tab 1, node_modules/remotion/dist/esm/index.mjs:9131 [49m [33m[0mEncodingError: The source image cannot be decoded.[0m[39m
20% 20% 20% 20% 20% 20% 20% 20% 20% 20% 20% 20% 20% 20% 20% 20% 20% 20% 20% 20% 20% 20% 20% 20% 20% 20% 20% [40m Tab 9, node_modules/remotion/dist/esm/index.mjs:9131 [49m [33m[0mEncodingError: The source image cannot be decoded.[0m[39m
[40m Tab 4, node_modules/remotion/dist/esm/index.mjs:9131 [49m [33m[0mEncodingError: The source image cannot be decoded.[0m[39m
[40m Tab 7, node_modules/remotion/dist/esm/index.mjs:9131 [49m [33m[0mEncodingError: The source image cannot be decoded.[0m[39m
[40m Tab 0, node_modules/remotion/dist/esm/index.mjs:9131 [49m [33m[0mEncodingError: The source image cannot be decoded.[0m[39m
[40m Tab 6, node_modules/remotion/dist/esm/index.mjs:9131 [49m [33m[0mEncodingError: The source image cannot be decoded.[0m[39m
[40m Tab 2, node_modules/remotion/dist/esm/index.mjs:9131 [49m [33m[0mEncodingError: The source image cannot be decoded.[0m[39m
[40m Tab 5, node_modules/remotion/dist/esm/index.mjs:9131 [49m [33m[0mEncodingError: The source image cannot be decoded.[0m[39m
[40m Tab 1, node_modules/remotion/dist/esm/index.mjs:9131 [49m [33m[0mEncodingError: The source image cannot be decoded.[0m[39m
[40m Tab 8, node_modules/remotion/dist/esm/index.mjs:9131 [49m [33m[0mEncodingError: The source image cannot be decoded.[0m[39m
[40m Tab 8, node_modules/remotion/dist/esm/index.mjs:9131 [49m [33m[0mEncodingError: The source image cannot be decoded.[0m[39m
[40m Tab 0, node_modules/remotion/dist/esm/index.mjs:9131 [49m [33m[0mEncodingError: The source image cannot be decoded.[0m[39m
[40m Tab 2, node_modules/remotion/dist/esm/index.mjs:9131 [49m [33m[0mEncodingError: The source image cannot be decoded.[0m[39m
[40m Tab 6, node_modules/remotion/dist/esm/index.mjs:9131 [49m [33m[0mEncodingError: The source image cannot be decoded.[0m[39m
[40m Tab 0, node_modules/remotion/dist/esm/index.mjs:9131 [49m [33m[0mEncodingError: The source image cannot be decoded.[0m[39m
[40m Tab 0, node_modules/remotion/dist/esm/index.mjs:9131 [49m [33m[0mEncodingError: The source image cannot be decoded.[0m[39m
40% 40% 40% 40% 40% 40% 40% 40% 40% 40% 40% 40% 40% 40% 40% 40% 40% 40% 40% 40% 40% 40% 40% 40% 40% 40% 40% 40% 40% 40% 40% 40% 40% 40% 40% 40% 40% 40% 40% 40% 40% 40% 40% 40% 40% 40% 40% 40% 40% 40% 40% 40% 40% 40% 40% 40% 40% 40% 40% 40% 40% 40% 40% 40% 40% 40% 40% 40% 40% 40% 40% 40% 60% 60% 60% 60% 60% 60% 60% 60% 60% 60% 60% 60% 60% 60% 60% 60% 60% 60% 60% 60% 60% 60% 60% 60% 60% 60% 60% 60% 60% 60% 60% 60% 60% 60% 60% 60% 60% 60% 60% 60% 60% 60% 60% 60% 60% 60% 60% 60% 60% 60% 60% 60% 60% 60% 60% 60% 60% 60% 60% 60% 60% 60% 60% 60% 60% 60% 60% 60% 60% 80% 80% 80% 80% 80% 80% 80% 80% 80% 80% 80% 80% 80% 80% 80% 80% 80% 80% 80% 80% 80% 80% 80% 80% 80% 80% 80% 80% 80% 80% 80% 80% 80% 80% 80% 80% 80% 80% 80% 80% 80% 80% 80% 80% 80% 80% 80% 80% 80% 80% 80% 80% 80% 80% 80% 80% 80% 80% 80% 80% 80% 80% 80% 80% 80% 80% 80% 80% 80% 80% 80% 80% 100% ok
  chunk 2/8 (frames 6388-12775): 0% 0% 0% 0% 0% 0% 0% 0% 0% 0% 0% 0% 0% 0% 0% 0% 0% 0% 0% 0% 0% 0% 0% 0% 0% 0% 0% 0% 0% 0% 0% 0% 0% 0% 0% 0% 0% 0% 0% 0% 0% 0% 0% 0% 0% 0% 0% 20% 20% 20% 20% 20% 20% 20% 20% 20% 20% 20% 20% 20% 20% 20% 20% 20% 20% 20% 20% 20% 20% 20% 20% 20% 20% 20% 20% 20% 20% 20% 20% 20% 20% 20% 20% 20% 20% 20% 20% 20% 20% 20% 20% 20% 20% 20% 20% 20% 20% 20% 20% 20% 20% 20% 20% 20% 20% 20% 20% 20% 20% 20% 20% 20% 20% 20% 20% 40% 40% 40% 40% 40% 40% 40% 40% 40% 40% 40% 40% 40% 40% 40% 40% 40% 40% 40% 40% 40% 40% 40% 40% 40% 40% 40% 40% 40% 40% 40% 40% 40% 40% 40% 40% 40% 40% 40% 40% 40% 40% 40% 40% 40% 40% 40% 40% 40% 40% 40% 40% 40% 40% 40% 40% 40% 40% 40% 40% 40% 40% 40% 40% 40% 40% 40% 40% 40% 40% 60% 60% 60% 60% 60% 60% 60% 60% 60% 60% 60% 60% 60% 60% 60% 60% 60% 60% 60% 60% 60% 60% 60% 60% 60% 60% 60% 60% 60% 60% 60% 60% 60% 60% 60% 60% 60% 60% 60% 60% 60% 60% 60% 60% 60% 60% 60% 60% 60% 60% 60% 60% 60% 60% 60% 60% 60% 60% 60% 60% 60% 60% 60% 60% 60% 60% 60% 60% 60% 60% 60% 80% 80% 80% 80% 80% 80% 80% 80% 80% 80% 80% 80% 80% 80% 80% 80% 80% 80% 80% 80% 80% 80% 80% 80% 80% 80% 80% 80% 80% 80% 80% 80% 80% 80% 80% 80% 80% 80% 80% 80% 80% 80% 80% 80% 80% 80% 80% 80% 80% 80% 80% 80% 80% 80% 80% 80% 80% 80% 80% 80% 80% 80% 80% 80% 80% 80% 80% 80% [40m Tab 2, node_modules/remotion/dist/esm/index.mjs:9131 [49m [33m[0mEncodingError: The source image cannot be decoded.[0m[39m
[40m Tab 5, node_modules/remotion/dist/esm/index.mjs:9131 [49m [33m[0mEncodingError: The source image cannot be decoded.[0m[39m
[40m Tab 3, node_modules/remotion/dist/esm/index.mjs:9131 [49m [33m[0mEncodingError: The source image cannot be decoded.[0m[39m
[40m Tab 8, node_modules/remotion/dist/esm/index.mjs:9131 [49m [33m[0mEncodingError: The source image cannot be decoded.[0m[39m
[40m Tab 7, node_modules/remotion/dist/esm/index.mjs:9131 [49m [33m[0mEncodingError: The source image cannot be decoded.[0m[39m
[40m Tab 1, node_modules/remotion/dist/esm/index.mjs:9131 [49m [33m[0mEncodingError: The source image cannot be decoded.[0m[39m
[40m Tab 4, node_modules/remotion/dist/esm/index.mjs:9131 [49m [33m[0mEncodingError: The source image cannot be decoded.[0m[39m
[40m Tab 6, node_modules/remotion/dist/esm/index.mjs:9131 [49m [33m[0mEncodingError: The source image cannot be decoded.[0m[39m
[40m Tab 9, node_modules/remotion/dist/esm/index.mjs:9131 [49m [33m[0mEncodingError: The source image cannot be decoded.[0m[39m
[40m Tab 3, node_modules/remotion/dist/esm/index.mjs:9131 [49m [33m[0mEncodingError: The source image cannot be decoded.[0m[39m
[40m Tab 1, node_modules/remotion/dist/esm/index.mjs:9131 [49m [33m[0mEncodingError: The source image cannot be decoded.[0m[39m
[40m Tab 9, node_modules/remotion/dist/esm/index.mjs:9131 [49m [33m[0mEncodingError: The source image cannot be decoded.[0m[39m
[40m Tab 7, node_modules/remotion/dist/esm/index.mjs:9131 [49m [33m[0mEncodingError: The source image cannot be decoded.[0m[39m
100% ok
  chunk 3/8 (frames 12776-19163): 0% 0% 0% 0% 0% 0% 0% 0% 0% 0% 0% 0% 0% 0% 0% 0% 0% 0% 0% 0% 0% 0% 0% 0% 0% 0% 0% 0% 0% 0% 0% 0% 0% 0% 0% 0% 0% 0% 0% 0% 0% 0% 0% 0% 0% 0% 0% 0% 20% 20% 20% 20% 20% 20% 20% 20% 20% 20% 20% 20% 20% 20% 20% 20% 20% 20% 20% 20% 20% 20% 20% 20% 20% 20% 20% 20% 20% 20% 20% 20% 20% 20% 20% 20% 20% 20% 20% 20% 20% 20% 20% 20% 20% 20% 20% 20% 20% 20% 20% 20% 20% 20% 20% 20% 20% 20% 20% 20% 20% 20% 20% 20% 20% 20% 20% 20% 20% 20% 20% 40% 40% 40% 40% 40% 40% 40% 40% 40% 40% 40% 40% 40% 40% 40% 40% 40% 40% 40% 40% 40% 40% 40% 40% 40% 40% 40% 40% 40% 40% 40% 40% 40% 40% 40% 40% 40% 40% 40% 40% 40% 40% 40% 40% 40% 40% 40% 40% 40% 40% 40% 40% 40% 40% 40% 40% 40% 40% 40% 40% 40% 40% 40% 40% 40% 40% 40% 40% 40% 40% 60% 60% 60% 60% 60% 60% 60% 60% 60% 60% 60% 60% 60% 60% 60% 60% 60% 60% 60% 60% 60% 60% 60% 60% 60% 60% 60% 60% 60% 60% 60% 60% 60% 60% 60% 60% 60% 60% 60% 60% 60% 60% 60% 60% 60% 60% 60% 60% 60% 60% 60% 60% 60% 60% 60% 60% 60% 60% 60% 60% 60% 60% 60% 60% 60% 60% 60% 60% 60% 60% 60% 60% 60% 80% 80% 80% 80% 80% 80% 80% 80% 80% 80% 80% 80% 80% 80% 80% 80% 80% 80% 80% 80% 80% 80% 80% 80% 80% 80% 80% 80% 80% 80% 80% 80% 80% 80% 80% 80% 80% 80% 80% 80% 80% 80% 80% 80% 80% 80% 80% 80% 80% 80% 80% 80% 80% 80% 80% 80% 80% 80% 80% 80% 80% 80% 80% 80% 80% 80% 80% 80% 80% 80% 80% 80% 80% 80% 100% ok
  chunk 4/8 (frames 19164-25551): 0% 0% 0% 0% 0% 0% 0% 0% 0% 0% 0% 0% 0% 0% 0% 0% 0% 0% 0% 0% 0% 0% 0% 0% 0% 0% 0% 0% 0% 0% 0% 0% 0% 0% 0% 0% 0% 0% 0% 0% 0% 0% 0% 0% 0% 0% 20% 20% 20% 20% 20% 20% 20% 20% 20% 20% 20% 20% 20% 20% 20% 20% 20% 20% 20% 20% 20% 20% 20% 20% 20% 20% 20% 20% 20% 20% 20% 20% 20% 20% 20% 20% 20% 20% 20% 20% 20% 20% 20% 20% 20% 20% 20% 20% 20% 20% 20% 20% 20% 20% 20% 20% 20% 20% 20% 20% 20% 20% 20% 20% 20% 20% 20% 20% 40% 40% 40% 40% 40% 40% 40% 40% 40% 40% 40% 40% 40% 40% 40% 40% 40% 40% 40% 40% 40% 40% 40% 40% 40% 40% 40% 40% 40% 40% 40% 40% 40% 40% 40% 40% 40% 40% 40% 40% 40% 40% 40% 40% 40% 40% 40% 40% 40% 40% 40% 40% 40% 40% 40% 40% 40% 40% 40% 40% 40% 40% 40% 40% 40% 40% 40% 40% 40% 40% 40% 40% 60% 60% 60% 60% 60% 60% 60% 60% 60% 60% 60% 60% 60% 60% 60% 60% 60% 60% 60% 60% 60% 60% 60% 60% 60% 60% 60% 60% 60% 60% 60% 60% 60% 60% 60% 60% 60% 60% 60% 60% 60% 60% 60% 60% 60% 60% 60% 60% 60% 60% 60% 60% 60% 60% 60% 60% 60% 60% 60% 60% 60% 60% 60% 60% 60% 60% 60% 60% 60% 60% 60% [40m Tab 9, node_modules/remotion/dist/esm/index.mjs:9131 [49m [33m[0mEncodingError: The source image cannot be decoded.[0m[39m
[40m Tab 1, node_modules/remotion/dist/esm/index.mjs:9131 [49m [33m[0mEncodingError: The source image cannot be decoded.[0m[39m
[40m Tab 2, node_modules/remotion/dist/esm/index.mjs:9131 [49m [33m[0mEncodingError: The source image cannot be decoded.[0m[39m
[40m Tab 5, node_modules/remotion/dist/esm/index.mjs:9131 [49m [33m[0mEncodingError: The source image cannot be decoded.[0m[39m
80% 80% 80% 80% 80% 80% 80% 80% 80% 80% 80% 80% 80% 80% 80% 80% 80% 80% 80% 80% 80% 80% 80% 80% 80% 80% 80% 80% 80% 80% 80% 80% 80% 80% 80% 80% 80% 80% 80% 80% 80% 80% 80% 80% 80% 80% 80% 80% 80% 80% 80% 80% 80% 80% 80% 80% 80% 80% 80% 80% 80% 80% 80% 80% 80% 80% 80% 80% 80% 80% 80% 80% 80% 100% ok
  chunk 5/8 (frames 25552-31939): 0% 0% 0% 0% 0% 0% 0% 0% 0% 0% 0% 0% 0% 0% 0% 0% 0% 0% 0% 0% 0% 0% 0% 0% 0% 0% 0% 0% 0% 0% 0% 0% 0% 0% 0% 0% 0% 0% 0% 0% 0% 0% 0% 0% 0% 0% 20% 20% 20% 20% 20% 20% 20% 20% 20% 20% 20% 20% 20% 20% 20% 20% 20% 20% 20% 20% 20% 20% 20% 20% 20% 20% 20% 20% 20% 20% 20% 20% 20% 20% 20% 20% 20% 20% 20% 20% 20% 20% 20% 20% 20% 20% 20% 20% 20% 20% 20% 20% 20% 20% 20% 20% 20% 20% 20% 20% 20% 20% 20% 20% 20% 20% 20% 20% 20% 20% [40m Tab 8, node_modules/remotion/dist/esm/index.mjs:9131 [49m [33m[0mEncodingError: The source image cannot be decoded.[0m[39m
[40m Tab 2, node_modules/remotion/dist/esm/index.mjs:9131 [49m [33m[0mEncodingError: The source image cannot be decoded.[0m[39m
[40m Tab 5, node_modules/remotion/dist/esm/index.mjs:9131 [49m [33m[0mEncodingError: The source image cannot be decoded.[0m[39m
[40m Tab 0, node_modules/remotion/dist/esm/index.mjs:9131 [49m [33m[0mEncodingError: The source image cannot be decoded.[0m[39m
[40m Tab 3, node_modules/remotion/dist/esm/index.mjs:9131 [49m [33m[0mEncodingError: The source image cannot be decoded.[0m[39m
[40m Tab 1, node_modules/remotion/dist/esm/index.mjs:9131 [49m [33m[0mEncodingError: The source image cannot be decoded.[0m[39m
[40m Tab 9, node_modules/remotion/dist/esm/index.mjs:9131 [49m [33m[0mEncodingError: The source image cannot be decoded.[0m[39m
[40m Tab 4, node_modules/remotion/dist/esm/index.mjs:9131 [49m [33m[0mEncodingError: The source image cannot be decoded.[0m[39m
[40m Tab 7, node_modules/remotion/dist/esm/index.mjs:9131 [49m [33m[0mEncodingError: The source image cannot be decoded.[0m[39m
[40m Tab 6, node_modules/remotion/dist/esm/index.mjs:9131 [49m [33m[0mEncodingError: The source image cannot be decoded.[0m[39m
40% 40% 40% 40% 40% 40% 40% 40% 40% 40% 40% 40% 40% 40% 40% 40% 40% 40% 40% 40% 40% 40% 40% 40% 40% 40% 40% 40% 40% 40% 40% 40% 40% 40% 40% 40% 40% 40% 40% 40% 40% 40% 40% 40% 40% 40% 40% 40% 40% 40% 40% 40% 40% 40% 40% 40% 40% 40% 40% 40% 40% 40% 40% 40% 40% 40% 40% 40% 40% 40% 60% 60% 60% 60% 60% 60% 60% 60% 60% 60% 60% 60% 60% 60% 60% 60% 60% 60% 60% 60% 60% 60% 60% 60% 60% 60% 60% 60% 60% 60% 60% 60% 60% 60% 60% 60% 60% 60% 60% 60% 60% 60% 60% 60% 60% 60% 60% 60% 60% 60% 60% 60% 60% 60% 60% 60% 60% 60% 60% 60% 60% 60% 60% 60% 60% 60% 60% 60% 60% 60% 60% 60% 60% [40m Tab 7, node_modules/remotion/dist/esm/index.mjs:9131 [49m [33m[0mEncodingError: The source image cannot be decoded.[0m[39m
[40m Tab 5, node_modules/remotion/dist/esm/index.mjs:9131 [49m [33m[0mEncodingError: The source image cannot be decoded.[0m[39m
[40m Tab 0, node_modules/remotion/dist/esm/index.mjs:9131 [49m [33m[0mEncodingError: The source image cannot be decoded.[0m[39m
80% 80% 80% 80% 80% 80% 80% 80% 80% 80% 80% 80% 80% 80% 80% 80% 80% 80% 80% 80% 80% 80% 80% 80% 80% 80% 80% 80% 80% 80% 80% 80% 80% 80% 80% 80% 80% 80% 80% 80% 80% 80% 80% 80% 80% 80% 80% 80% 80% 80% 80% 80% 80% 80% 80% 80% 80% 80% 80% 80% 80% 80% 80% 80% 80% 80% 80% 80% 100% ok
  chunk 6/8 (frames 31940-38327): 0% 0% 0% 0% 0% 0% 0% 0% 0% 0% 0% 0% 0% 0% 0% 0% 0% 0% 0% 0% 0% 0% 0% 0% 0% 0% 0% 0% 0% 0% 0% 0% 0% 0% 0% 0% 0% 0% 0% 0% 0% 0% 0% 0% 0% 0% 0% 20% 20% 20% 20% 20% 20% 20% 20% 20% 20% 20% 20% 20% 20% 20% 20% 20% 20% 20% 20% 20% 20% 20% 20% 20% 20% 20% 20% 20% 20% 20% 20% 20% 20% 20% 20% 20% 20% 20% 20% 20% 20% 20% 20% 20% 20% 20% 20% 20% 20% 20% 20% 20% 20% 20% 20% 20% 20% 20% 20% 20% 20% 20% 20% 20% 20% 20% 20% 20% 20% 40% 40% 40% 40% 40% 40% 40% 40% 40% 40% 40% 40% 40% 40% 40% 40% 40% 40% 40% 40% 40% 40% 40% 40% 40% 40% 40% 40% 40% 40% 40% 40% 40% 40% 40% 40% 40% 40% 40% 40% 40% 40% 40% 40% 40% 40% 40% 40% 40% 40% 40% 40% 40% 40% 40% 40% 40% 40% 40% 40% 40% 40% 40% 40% 40% 40% 40% 40% [40m Tab 0, node_modules/remotion/dist/esm/index.mjs:9131 [49m [33m[0mEncodingError: The source image cannot be decoded.[0m[39m
[40m Tab 7, node_modules/remotion/dist/esm/index.mjs:9131 [49m [33m[0mEncodingError: The source image cannot be decoded.[0m[39m
[40m Tab 8, node_modules/remotion/dist/esm/index.mjs:9131 [49m [33m[0mEncodingError: The source image cannot be decoded.[0m[39m
[40m Tab 3, node_modules/remotion/dist/esm/index.mjs:9131 [49m [33m[0mEncodingError: The source image cannot be decoded.[0m[39m
[40m Tab 4, node_modules/remotion/dist/esm/index.mjs:9131 [49m [33m[0mEncodingError: The source image cannot be decoded.[0m[39m
[40m Tab 5, node_modules/remotion/dist/esm/index.mjs:9131 [49m [33m[0mEncodingError: The source image cannot be decoded.[0m[39m
60% 60% 60% 60% 60% 60% 60% 60% 60% 60% 60% 60% 60% 60% 60% 60% 60% 60% 60% 60% 60% 60% 60% 60% 60% 60% 60% 60% 60% 60% 60% 60% 60% 60% 60% 60% 60% 60% 60% 60% 60% 60% 60% 60% 60% 60% 60% 60% 60% 60% 60% 60% 60% 60% 60% 60% 60% 60% 60% 60% 60% 60% 60% 60% 60% 60% 60% 60% 80% 80% 80% 80% 80% 80% 80% 80% 80% 80% 80% 80% 80% 80% 80% 80% 80% 80% 80% 80% 80% 80% 80% 80% 80% 80% 80% 80% 80% 80% 80% 80% 80% 80% 80% 80% 80% 80% 80% 80% 80% 80% 80% 80% 80% 80% 80% 80% 80% 80% 80% 80% 80% 80% 80% 80% 80% 80% 80% 80% 80% 80% 80% 80% 80% 80% 80% 80% 80% 80% 80% 80% 80% 80% 80% 100% ok
  chunk 7/8 (frames 38328-44715): 0% 0% 0% 0% 0% 0% 0% 0% 0% 0% 0% 0% 0% 0% 0% 0% 0% 0% 0% 0% 0% 0% 0% 0% 0% 0% 0% 0% 0% 0% 0% 0% 0% 0% 0% 0% 0% 0% 0% 0% 0% 0% 0% 0% 0% 0% 0% 20% 20% 20% 20% 20% 20% 20% 20% 20% 20% 20% 20% 20% 20% 20% 20% 20% 20% 20% 20% 20% 20% 20% 20% 20% 20% 20% 20% 20% 20% 20% 20% 20% 20% 20% 20% 20% 20% 20% 20% 20% 20% 20% 20% 20% 20% 20% 20% 20% 20% 20% 20% 20% 20% 20% 20% 20% 20% 20% 20% 20% 20% 20% 20% 20% 20% 20% 20% 20% 20% 40% 40% 40% 40% 40% 40% 40% 40% 40% 40% 40% 40% 40% 40% 40% 40% 40% 40% 40% 40% 40% 40% 40% 40% 40% 40% 40% 40% 40% 40% 40% 40% 40% 40% 40% 40% 40% 40% 40% 40% 40% 40% 40% 40% 40% 40% 40% 40% 40% 40% 40% 40% 40% 40% 40% 40% 40% 40% 40% 40% 40% 40% 40% 40% 40% 40% 40% 40% 40% 40% 40% 40% 40% 40% 60% 60% 60% 60% 60% 60% 60% 60% 60% 60% 60% 60% 60% 60% 60% 60% 60% 60% 60% 60% 60% 60% 60% 60% 60% 60% 60% 60% 60% 60% 60% 60% 60% 60% 60% 60% 60% 60% 60% 60% 60% 60% 60% 60% 60% 60% 60% 60% 60% 60% 60% 60% 60% 60% 60% 60% 60% 60% 60% 60% 60% 60% 60% 60% 60% 60% 60% 60% 60% 60% 60% 60% 60% 60% 60% 80% 80% 80% 80% 80% 80% 80% 80% 80% 80% 80% 80% 80% 80% 80% 80% 80% 80% 80% 80% 80% 80% 80% 80% 80% 80% 80% 80% 80% 80% 80% 80% 80% 80% 80% 80% 80% 80% 80% 80% 80% 80% 80% 80% 80% 80% 80% 80% 80% 80% 80% 80% 80% 80% 80% 80% 80% 80% 80% 80% 80% 80% 80% 80% 80% 80% 80% 80% 80% 80% 80% 80% 100% ok
  chunk 8/8 (frames 44716-51103): 0% 0% 0% 0% 0% 0% 0% 0% 0% 0% 0% 0% 0% 0% 0% 0% 0% 0% 0% 0% 0% 0% 0% 0% 0% 0% 0% 0% 0% 0% 0% 0% 0% 0% 0% 0% 0% 0% 0% 0% 0% 0% 0% 0% 0% 0% 20% 20% 20% 20% 20% 20% 20% 20% 20% 20% 20% 20% 20% 20% 20% 20% 20% 20% 20% 20% 20% 20% 20% 20% 20% 20% 20% 20% 20% 20% 20% 20% 20% 20% 20% 20% 20% 20% 20% 20% 20% 20% 20% 20% 20% 20% 20% 20% 20% 20% 20% 20% 20% 20% 20% 20% 20% 20% 20% 20% 20% 20% 20% 20% 20% 20% 20% 20% 20% 20% 20% 20% 20% 20% 20% 20% 20% [40m Tab 9, node_modules/remotion/dist/esm/index.mjs:9131 [49m [33m[0mEncodingError: The source image cannot be decoded.[0m[39m
[40m Tab 6, node_modules/remotion/dist/esm/index.mjs:9131 [49m [33m[0mEncodingError: The source image cannot be decoded.[0m[39m
[40m Tab 0, node_modules/remotion/dist/esm/index.mjs:9131 [49m [33m[0mEncodingError: The source image cannot be decoded.[0m[39m
[40m Tab 2, node_modules/remotion/dist/esm/index.mjs:9131 [49m [33m[0mEncodingError: The source image cannot be decoded.[0m[39m
[40m Tab 4, node_modules/remotion/dist/esm/index.mjs:9131 [49m [33m[0mEncodingError: The source image cannot be decoded.[0m[39m
[40m Tab 3, node_modules/remotion/dist/esm/index.mjs:9131 [49m [33m[0mEncodingError: The source image cannot be decoded.[0m[39m
[40m Tab 1, node_modules/remotion/dist/esm/index.mjs:9131 [49m [33m[0mEncodingError: The source image cannot be decoded.[0m[39m
[40m Tab 8, node_modules/remotion/dist/esm/index.mjs:9131 [49m [33m[0mEncodingError: The source image cannot be decoded.[0m[39m
[40m Tab 7, node_modules/remotion/dist/esm/index.mjs:9131 [49m [33m[0mEncodingError: The source image cannot be decoded.[0m[39m
40% 40% 40% 40% 40% 40% 40% 40% 40% 40% 40% 40% 40% 40% 40% 40% 40% 40% 40% 40% 40% 40% 40% 40% 40% 40% 40% 40% 40% 40% 40% 40% 40% 40% 40% 40% 40% 40% 40% 40% 40% 40% 40% 40% 40% 40% 40% 40% 40% 40% 40% 40% 40% 40% 40% 40% 40% 40% 40% 40% 40% 40% 40% 40% 40% 40% 40% 40% 40% 40% 40% 40% 40% 40% 40% 60% 60% 60% 60% 60% 60% 60% 60% 60% 60% 60% 60% 60% 60% 60% 60% 60% 60% 60% 60% 60% 60% 60% 60% 60% 60% 60% 60% 60% 60% 60% 60% 60% 60% 60% 60% 60% 60% 60% 60% 60% 60% 60% 60% 60% 60% 60% 60% 60% 60% 60% 60% 60% 60% 60% 60% 60% 60% 60% 60% 60% 60% 60% 60% 60% 60% 60% 60% 60% 60% 60% 60% 80% 80% 80% 80% 80% 80% 80% 80% 80% 80% 80% 80% 80% 80% 80% 80% 80% 80% 80% 80% 80% 80% 80% 80% 80% 80% 80% 80% 80% 80% 80% 80% 80% 80% 80% 80% 80% 80% 80% 80% 80% 80% 80% 80% 80% 80% 80% 80% 80% 80% 80% 80% 80% 80% 80% 80% 80% 80% 80% 80% 80% 80% 80% 80% 80% 80% 80% 80% 80% 80% 80% 80% 80% 80% 100% ok
=== Concat dos chunks ===
ffmpeg version 8.0-full_build-www.gyan.dev Copyright (c) 2000-2025 the FFmpeg developers
  built with gcc 15.2.0 (Rev8, Built by MSYS2 project)
  configuration: --enable-gpl --enable-version3 --enable-static --disable-w32threads --disable-autodetect --enable-fontconfig --enable-iconv --enable-gnutls --enable-lcms2 --enable-libxml2 --enable-gmp --enable-bzlib --enable-lzma --enable-libsnappy --enable-zlib --enable-librist --enable-libsrt --enable-libssh --enable-libzmq --enable-avisynth --enable-libbluray --enable-libcaca --enable-libdvdnav --enable-libdvdread --enable-sdl2 --enable-libaribb24 --enable-libaribcaption --enable-libdav1d --enable-libdavs2 --enable-libopenjpeg --enable-libquirc --enable-libuavs3d --enable-libxevd --enable-libzvbi --enable-liboapv --enable-libqrencode --enable-librav1e --enable-libsvtav1 --enable-libvvenc --enable-libwebp --enable-libx264 --enable-libx265 --enable-libxavs2 --enable-libxeve --enable-libxvid --enable-libaom --enable-libjxl --enable-libvpx --enable-mediafoundation --enable-libass --enable-frei0r --enable-libfreetype --enable-libfribidi --enable-libharfbuzz --enable-liblensfun --enable-libvidstab --enable-libvmaf --enable-libzimg --enable-amf --enable-cuda-llvm --enable-cuvid --enable-dxva2 --enable-d3d11va --enable-d3d12va --enable-ffnvcodec --enable-libvpl --enable-nvdec --enable-nvenc --enable-vaapi --enable-libshaderc --enable-vulkan --enable-libplacebo --enable-opencl --enable-libcdio --enable-openal --enable-libgme --enable-libmodplug --enable-libopenmpt --enable-libopencore-amrwb --enable-libmp3lame --enable-libshine --enable-libtheora --enable-libtwolame --enable-libvo-amrwbenc --enable-libcodec2 --enable-libilbc --enable-libgsm --enable-liblc3 --enable-libopencore-amrnb --enable-libopus --enable-libspeex --enable-libvorbis --enable-ladspa --enable-libbs2b --enable-libflite --enable-libmysofa --enable-librubberband --enable-libsoxr --enable-chromaprint --enable-whisper
  libavutil      60.  8.100 / 60.  8.100
  libavcodec     62. 11.100 / 62. 11.100
  libavformat    62.  3.100 / 62.  3.100
  libavdevice    62.  1.100 / 62.  1.100
  libavfilter    11.  4.100 / 11.  4.100
  libswscale      9.  1.100 /  9.  1.100
  libswresample   6.  1.100 /  6.  1.100
[mov,mp4,m4a,3gp,3g2,mj2 @ 000001f0645b8500] Auto-inserting h264_mp4toannexb bitstream filter
Input #0, concat, from 'F:\Canal Dark\Aplicativo de Edição\remotion\out\_chunks\est_stay_silent_v3.list.txt':
  Duration: N/A, start: 0.000000, bitrate: 7345 kb/s
  Stream #0:0(und): Video: h264 (High) (avc1 / 0x31637661), yuvj420p(pc, bt470bg/unknown/unknown, progressive), 1920x1080 [SAR 1:1 DAR 16:9], 7028 kb/s, 30 fps, 30 tbr, 90k tbn
    Metadata:
      handler_name    : VideoHandler
      vendor_id       : [0][0][0][0]
    Side data:
      ICC Profile
  Stream #0:1(und): Audio: aac (LC) (mp4a / 0x6134706D), 48000 Hz, stereo, fltp, 317 kb/s
    Metadata:
      handler_name    : SoundHandler
      vendor_id       : [0][0][0][0]
Stream mapping:
  Stream #0:0 -> #0:0 (copy)
  Stream #0:1 -> #0:1 (copy)
Output #0, mp4, to 'F:\Canal Dark\Aplicativo de Edição\remotion\out\est_stay_silent_v3.mp4':
  Metadata:
    encoder         : Lavf62.3.100
  Stream #0:0(und): Video: h264 (High) (avc1 / 0x31637661), yuvj420p(pc, bt470bg/unknown/unknown, progressive), 1920x1080 [SAR 1:1 DAR 16:9], q=2-31, 7028 kb/s, 30 fps, 30 tbr, 90k tbn
    Metadata:
      handler_name    : VideoHandler
      vendor_id       : [0][0][0][0]
    Side data:
      ICC Profile
  Stream #0:1(und): Audio: aac (LC) (mp4a / 0x6134706D), 48000 Hz, stereo, fltp, 317 kb/s
    Metadata:
      handler_name    : SoundHandler
      vendor_id       : [0][0][0][0]
Press [q] to stop, [?] for help
[mov,mp4,m4a,3gp,3g2,mj2 @ 000001f064f4dd00] Auto-inserting h264_mp4toannexb bitstream filter
    Last message repeated 1 times
[mov,mp4,m4a,3gp,3g2,mj2 @ 000001f0645c57c0] Auto-inserting h264_mp4toannexb bitstream filter
frame=20151 fps=0.0 q=-1.0 size=  584960KiB time=00:11:11.77 bitrate=7133.3kbits/s speed=1.31e+03x elapsed=0:00:00.51    [mov,mp4,m4a,3gp,3g2,mj2 @ 000001f0645b8500] Auto-inserting h264_mp4toannexb bitstream filter
[mov,mp4,m4a,3gp,3g2,mj2 @ 000001f065482ac0] Auto-inserting h264_mp4toannexb bitstream filter
[mov,mp4,m4a,3gp,3g2,mj2 @ 000001f064c946c0] Auto-inserting h264_mp4toannexb bitstream filter
frame=43811 fps=42610 q=-1.0 size= 1178880KiB time=00:24:20.65 bitrate=6611.7kbits/s speed=1.42e+03x elapsed=0:00:01.02    [mov,mp4,m4a,3gp,3g2,mj2 @ 000001f064c946c0] Auto-inserting h264_mp4toannexb bitstream filter
[out#0/mp4 @ 000001f0645b5e80] video:1317228KiB audio:66014KiB subtitle:0KiB other streams:0KiB global headers:0KiB muxing overhead: 0.131235%
frame=51104 fps=42681 q=-1.0 Lsize= 1385058KiB time=00:28:23.81 bitrate=6659.4kbits/s speed=1.42e+03x elapsed=0:00:01.19    

=== DONE === 1567s -> F:\Canal Dark\Aplicativo de Edição\remotion\out\est_stay_silent_v3.mp4
  render: 1572s
  -> Drive OK
@@@ FIM @ 20:31:52
